

================================================================
== Vivado HLS Report for 'digitrec_update_knn'
================================================================
* Date:           Wed Jun 16 13:45:32 2021

* Version:        2016.2 (Build 1577090 on Thu Jun 02 16:59:10 MDT 2016)
* Project:        4-nn.prj
* Solution:       solution1
* Product family: zynq
* Target device:  xc7z020clg484-1


================================================================
== Performance Estimates
================================================================
+ Timing (ns): 
    * Summary: 
    +--------+-------+----------+------------+
    |  Clock | Target| Estimated| Uncertainty|
    +--------+-------+----------+------------+
    |ap_clk  |  10.00|      5.70|        1.25|
    +--------+-------+----------+------------+

+ Latency (clock cycles): 
    * Summary: 
    +-----+-----+-----+-----+---------+
    |  Latency  |  Interval | Pipeline|
    | min | max | min | max |   Type  |
    +-----+-----+-----+-----+---------+
    |    ?|    ?|    ?|    ?|   none  |
    +-----+-----+-----+-----+---------+

    + Detail: 
        * Instance: 
        N/A

        * Loop: 
        +-------------+-----+-----+----------+-----------+-----------+------+----------+
        |             |  Latency  | Iteration|  Initiation Interval  | Trip |          |
        |  Loop Name  | min | max |  Latency |  achieved |   target  | Count| Pipelined|
        +-------------+-----+-----+----------+-----------+-----------+------+----------+
        |- WHILE      |    ?|    ?|         1|          -|          -|     ?|    no    |
        |- UPDATEKNN  |    8|    8|         2|          -|          -|     4|    no    |
        +-------------+-----+-----+----------+-----------+-----------+------+----------+



================================================================
== Utilization Estimates
================================================================
* Summary: 
+-----------------+---------+-------+--------+-------+
|       Name      | BRAM_18K| DSP48E|   FF   |  LUT  |
+-----------------+---------+-------+--------+-------+
|DSP              |        -|      -|       -|      -|
|Expression       |        -|      -|       0|    241|
|FIFO             |        -|      -|       -|      -|
|Instance         |        -|      -|       -|      -|
|Memory           |        -|      -|       -|      -|
|Multiplexer      |        -|      -|       -|     71|
|Register         |        -|      -|      86|      -|
+-----------------+---------+-------+--------+-------+
|Total            |        0|      0|      86|    312|
+-----------------+---------+-------+--------+-------+
|Available        |      280|    220|  106400|  53200|
+-----------------+---------+-------+--------+-------+
|Utilization (%)  |        0|      0|   ~0   |   ~0  |
+-----------------+---------+-------+--------+-------+

+ Detail: 
    * Instance: 
    N/A

    * DSP48: 
    N/A

    * Memory: 
    N/A

    * FIFO: 
    N/A

    * Expression: 
    +-------------------------+----------+-------+---+----+------------+------------+
    |      Variable Name      | Operation| DSP48E| FF| LUT| Bitwidth P0| Bitwidth P1|
    +-------------------------+----------+-------+---+----+------------+------------+
    |count_V_fu_170_p2        |     +    |      0|  0|   6|           6|           1|
    |i_fu_194_p2              |     +    |      0|  0|   3|           3|           1|
    |tmp_5_i_fu_176_p2        |     +    |      0|  0|  49|          49|           2|
    |tmp_7_fu_218_p2          |     +    |      0|  0|   7|           7|           7|
    |tmp_8_fu_204_p2          |     +    |      0|  0|   7|           7|           7|
    |tmp_6_i_fu_182_p2        |    and   |      0|  0|  67|          49|          49|
    |exitcond_fu_188_p2       |   icmp   |      0|  0|   2|           3|           4|
    |tmp_1_fu_254_p2          |   icmp   |      0|  0|   3|           6|           6|
    |tmp_3_fu_228_p2          |   icmp   |      0|  0|   3|           6|           6|
    |tmp_i_fu_164_p2          |   icmp   |      0|  0|  17|          49|           1|
    |i_val_V_026_s_fu_246_p3  |  select  |      0|  0|   4|           1|           4|
    |max_V_s_fu_238_p3        |  select  |      0|  0|   6|           1|           6|
    |r_V_fu_158_p2            |    xor   |      0|  0|  67|          49|          49|
    +-------------------------+----------+-------+---+----+------------+------------+
    |Total                    |          |      0|  0| 241|         236|         143|
    +-------------------------+----------+-------+---+----+------------+------------+

    * Multiplexer: 
    +--------------------------+----+-----------+-----+-----------+
    |           Name           | LUT| Input Size| Bits| Total Bits|
    +--------------------------+----+-----------+-----+-----------+
    |ap_NS_fsm                 |   1|          6|    1|          6|
    |distance_V_reg_84         |   6|          2|    6|         12|
    |min_distances_V_address0  |   6|          4|    6|         24|
    |n_V_buf_i_reg_97          |  49|          2|   49|         98|
    |p_s_reg_106               |   6|          2|    6|         12|
    |val_assign_reg_130        |   3|          2|    3|          6|
    +--------------------------+----+-----------+-----+-----------+
    |Total                     |  71|         18|   71|        158|
    +--------------------------+----+-----------+-----+-----------+

    * Register: 
    +------------------------------+----+----+-----+-----------+
    |             Name             | FF | LUT| Bits| Const Bits|
    +------------------------------+----+----+-----+-----------+
    |ap_CS_fsm                     |   5|   0|    5|          0|
    |distance_V_reg_84             |   6|   0|    6|          0|
    |i_reg_287                     |   3|   0|    3|          0|
    |min_distances_V_addr_reg_297  |   6|   0|    6|          0|
    |n_V_buf_i_reg_97              |  49|   0|   49|          0|
    |p_026_s_reg_118               |   4|   0|    4|          0|
    |p_s_reg_106                   |   6|   0|    6|          0|
    |tmp_6_cast_reg_260            |   4|   0|    7|          3|
    |val_assign_reg_130            |   3|   0|    3|          0|
    +------------------------------+----+----+-----+-----------+
    |Total                         |  86|   0|   89|          3|
    +------------------------------+----+----+-----+-----------+



================================================================
== Interface
================================================================
* Summary: 
+--------------------------+-----+-----+------------+---------------------+--------------+
|         RTL Ports        | Dir | Bits|  Protocol  |    Source Object    |    C Type    |
+--------------------------+-----+-----+------------+---------------------+--------------+
|ap_clk                    |  in |    1| ap_ctrl_hs | digitrec_update_knn | return value |
|ap_rst                    |  in |    1| ap_ctrl_hs | digitrec_update_knn | return value |
|ap_start                  |  in |    1| ap_ctrl_hs | digitrec_update_knn | return value |
|ap_done                   | out |    1| ap_ctrl_hs | digitrec_update_knn | return value |
|ap_idle                   | out |    1| ap_ctrl_hs | digitrec_update_knn | return value |
|ap_ready                  | out |    1| ap_ctrl_hs | digitrec_update_knn | return value |
|test_inst_V               |  in |   49|   ap_none  |     test_inst_V     |    scalar    |
|train_inst_V              |  in |   48|   ap_none  |     train_inst_V    |    scalar    |
|min_distances_V_address0  | out |    6|  ap_memory |   min_distances_V   |     array    |
|min_distances_V_ce0       | out |    1|  ap_memory |   min_distances_V   |     array    |
|min_distances_V_we0       | out |    1|  ap_memory |   min_distances_V   |     array    |
|min_distances_V_d0        | out |    6|  ap_memory |   min_distances_V   |     array    |
|min_distances_V_q0        |  in |    6|  ap_memory |   min_distances_V   |     array    |
|tmp_4                     |  in |    4|   ap_none  |        tmp_4        |    scalar    |
+--------------------------+-----+-----+------------+---------------------+--------------+

